[debug] [2026-07-26T04:10:46.217Z] : 
[debug] [2026-07-26T04:10:46.247Z] : ----------------------------------------------------------------------
[debug] [2026-07-26T04:10:46.248Z] : Command:      C:\nodejs\node.exe C:\nodejs\node_modules\zcatalyst-cli\lib\bin\catalyst.js serve
[debug] [2026-07-26T04:10:46.249Z] : CLI Version:  1.27.0
[debug] [2026-07-26T04:10:46.249Z] : Platform:     win32
[debug] [2026-07-26T04:10:46.249Z] : Node Version: v20.20.2
[debug] [2026-07-26T04:10:46.250Z] : Time:         Sun Jul 26 2026 09:40:46 GMT+0530 (India Standard Time)
[debug] [2026-07-26T04:10:46.250Z] : ----------------------------------------------------------------------
[debug] [2026-07-26T04:10:46.250Z] : 
[debug] [2026-07-26T04:12:13.731Z] : > authorizing via signed-in user option
[debug] [2026-07-26T04:12:13.732Z] : > command requires scopes: ["ZohoCatalyst.projects.ALL","ZohoCatalyst.apigateway.apis.READ","ZohoCatalyst.apigateway.READ","ZohoCatalyst.segments.ALL","ZohoCatalyst.cache.READ","ZohoCatalyst.cache.CREATE","ZohoCatalyst.cache.DELETE","ZohoCatalyst.projects.ALL","ZohoCatalyst.cron.ALL","ZohoCatalyst.zcql.CREATE","ZohoCatalyst.projects.users.READ","ZohoCatalyst.projects.users.CREATE","ZohoCatalyst.projects.users.DELETE","ZohoCatalyst.projects.users.UPDATE","ZohoCatalyst.authentication.CREATE","ZohoCatalyst.email.CREATE","ZohoCatalyst.tables.ALL","ZohoCatalyst.tables.rows.ALL","ZohoCatalyst.tables.columns.ALL","ZohoCatalyst.tables.bulk.CREATE","ZohoCatalyst.tables.bulk.READ","ZohoCatalyst.folders.ALL","ZohoCatalyst.files.CREATE","ZohoCatalyst.files.READ","ZohoCatalyst.files.DELETE","ZohoCatalyst.functions.ALL","ZohoCatalyst.functions.EXECUTE","ZohoCatalyst.eventlistners.ALL","ZohoCatalyst.eventlisteners.produce","ZohoCatalyst.security.rules.Read","ZohoCatalyst.security.rules.Update","ZohoCatalyst.notifications.mobile","ZohoCatalyst.notifications.web","ZohoCatalyst.search.READ","ZohoCatalyst.mlkit.READ","QuickML.deployment.READ","ZohoCatalyst.pdfshot.execute","ZohoCatalyst.grid.READ","ZohoCatalyst.grid.terminate","ZohoCatalyst.circuits.execution.DELETE","ZohoCatalyst.circuits.execution.READ","ZohoCatalyst.circuits.execute","ZohoCatalyst.appsail.Read","ZohoCatalyst.jobpool.READ","ZohoCatalyst.job.ALL","ZohoCatalyst.nosql.READ","ZohoCatalyst.nosql.rows.ALL"]
[debug] [2026-07-26T04:12:14.036Z] : >>>> HTTP REQUEST : GET https://api.catalyst.zoho.in/baas/v1/project/52757000000023026 

[debug] [2026-07-26T04:12:14.308Z] : <<<< HTTP RESPONSE : 200
Response Headers: {"server":"ZGS","date":"Sun, 26 Jul 2026 04:12:12 GMT","content-type":"application/vnd.catalyst.v2+json","transfer-encoding":"chunked","connection":"keep-alive","x-content-type-options":"nosniff","cache-control":"private,no-cache,no-store,max-age=0,must-revalidate","pragma":"no-cache","expires":"Thu, 01 Jan 1970 00:00:00 GMT","x-frame-options":"DENY","strict-transport-security":"max-age=64072000; includeSubDomains; preload"}

[debug] [2026-07-26T04:12:14.317Z] : >>>> HTTP REQUEST : GET https://api.catalyst.zoho.in/baas/v1/project/52757000000023026/environment 

[debug] [2026-07-26T04:12:14.408Z] : <<<< HTTP RESPONSE : 200
Response Headers: {"server":"ZGS","date":"Sun, 26 Jul 2026 04:12:13 GMT","content-type":"application/vnd.catalyst.v2+json","transfer-encoding":"chunked","connection":"keep-alive","x-content-type-options":"nosniff","cache-control":"private,no-cache,no-store,max-age=0,must-revalidate","pragma":"no-cache","expires":"Thu, 01 Jan 1970 00:00:00 GMT","x-frame-options":"DENY","strict-transport-security":"max-age=64072000; includeSubDomains; preload"}

[debug] [2026-07-26T04:12:18.439Z] : >>>> HTTP REQUEST : GET https://api.catalyst.zoho.in/baas/get-details 
Query params: {"feature_name":"runtime"}

[debug] [2026-07-26T04:12:18.518Z] : <<<< HTTP RESPONSE : 200
Response Headers: {"server":"ZGS","date":"Sun, 26 Jul 2026 04:12:17 GMT","content-type":"application/vnd.catalyst.v2+json","transfer-encoding":"chunked","connection":"keep-alive","x-content-type-options":"nosniff","cache-control":"private,no-cache,no-store,max-age=0,must-revalidate","pragma":"no-cache","expires":"Thu, 01 Jan 1970 00:00:00 GMT","x-frame-options":"DENY","strict-transport-security":"max-age=64072000; includeSubDomains; preload"}

[debug] [2026-07-26T04:12:18.570Z] : >>>> HTTP REQUEST : GET https://api.catalyst.zoho.in/baas/v1/project/52757000000023026/function 
Query params: {"type":"basicio,event,cron,applogic,integration,browser_logic,job"}

[debug] [2026-07-26T04:12:18.651Z] : <<<< HTTP RESPONSE : 200
Response Headers: {"server":"ZGS","date":"Sun, 26 Jul 2026 04:12:17 GMT","content-type":"application/vnd.catalyst.v2+json","transfer-encoding":"chunked","connection":"keep-alive","x-content-type-options":"nosniff","cache-control":"private,no-cache,no-store,max-age=0,must-revalidate","pragma":"no-cache","expires":"Thu, 01 Jan 1970 00:00:00 GMT","x-frame-options":"DENY","strict-transport-security":"max-age=64072000; includeSubDomains; preload"}

[debug] [2026-07-26T04:12:18.758Z] : unknown eol undefined hence skipping check
[debug] [2026-07-26T04:12:18.759Z] : unknown eol undefined hence skipping check
[debug] [2026-07-26T04:12:18.759Z] : unknown eol undefined hence skipping check
[debug] [2026-07-26T04:12:18.759Z] : unknown eol undefined hence skipping check
[debug] [2026-07-26T04:12:18.759Z] : unknown eol undefined hence skipping check
[debug] [2026-07-26T04:12:18.759Z] : unknown eol undefined hence skipping check
[debug] [2026-07-26T04:12:18.760Z] : unknown eol undefined hence skipping check
[debug] [2026-07-26T04:12:18.760Z] : unknown eol undefined hence skipping check
[debug] [2026-07-26T04:12:18.760Z] : unknown eol undefined hence skipping check
[debug] [2026-07-26T04:12:18.760Z] : unknown eol undefined hence skipping check
[debug] [2026-07-26T04:12:18.760Z] : unknown eol undefined hence skipping check
[debug] [2026-07-26T04:12:18.760Z] : unknown eol undefined hence skipping check
[debug] [2026-07-26T04:12:18.760Z] : unknown eol undefined hence skipping check
[debug] [2026-07-26T04:12:18.761Z] : unknown eol undefined hence skipping check
[debug] [2026-07-26T04:12:18.761Z] : unknown eol undefined hence skipping check
[debug] [2026-07-26T04:12:18.762Z] : unknown eol undefined hence skipping check
[debug] [2026-07-26T04:12:18.778Z] : unknown eol undefined hence skipping check
[debug] [2026-07-26T04:12:18.781Z] : unknown eol undefined hence skipping check
[debug] [2026-07-26T04:12:18.953Z] : Node binary for stack node20 is at C:\nodejs\node.exe
[debug] [2026-07-26T04:12:21.517Z] : http port : '4200' is not available. Hence port '4201' will be used instead.
[debug] [2026-07-26T04:12:21.518Z] : http port : '4200' is not available. Hence port '4202' will be used instead.
[debug] [2026-07-26T04:12:21.518Z] : http port : '4200' is not available. Hence port '4203' will be used instead.
[debug] [2026-07-26T04:12:21.518Z] : http port : '4200' is not available. Hence port '4204' will be used instead.
[debug] [2026-07-26T04:12:21.519Z] : http port : '4200' is not available. Hence port '4205' will be used instead.
[debug] [2026-07-26T04:12:21.519Z] : http port : '4200' is not available. Hence port '4206' will be used instead.
[debug] [2026-07-26T04:12:21.519Z] : http port : '4200' is not available. Hence port '4207' will be used instead.
[debug] [2026-07-26T04:12:21.519Z] : http port : '4200' is not available. Hence port '4208' will be used instead.
[debug] [2026-07-26T04:12:21.519Z] : http port : '4200' is not available. Hence port '4209' will be used instead.
[debug] [2026-07-26T04:12:21.519Z] : http port : '4200' is not available. Hence port '4210' will be used instead.
[debug] [2026-07-26T04:12:21.519Z] : http port : '4200' is not available. Hence port '4211' will be used instead.
[debug] [2026-07-26T04:12:21.519Z] : http port : '4200' is not available. Hence port '4212' will be used instead.
[debug] [2026-07-26T04:12:21.520Z] : http port : '4200' is not available. Hence port '4213' will be used instead.
[debug] [2026-07-26T04:12:21.520Z] : http port : '4200' is not available. Hence port '4214' will be used instead.
[debug] [2026-07-26T04:12:21.520Z] : http port : '4200' is not available. Hence port '4215' will be used instead.
[debug] [2026-07-26T04:12:21.520Z] : http port : '4200' is not available. Hence port '4216' will be used instead.
[debug] [2026-07-26T04:12:21.520Z] : http port : '4200' is not available. Hence port '4217' will be used instead.
[debug] [2026-07-26T04:12:22.412Z] : No API Gateway configuration found. Skipping API Gateway rules
[info] [2026-07-26T04:12:22.417Z] : 
[info] [2026-07-26T04:12:22.417Z] :  >>>>>>>>>>>>>> Basic I/O <<<<<<<<<<<<< 
[info] [2026-07-26T04:12:22.418Z] : i authentication  : http://localhost:3000/server/authentication/execute
[info] [2026-07-26T04:12:22.418Z] : i registerfir     : http://localhost:3000/server/registerfir/execute
[info] [2026-07-26T04:12:22.418Z] : i getfir          : http://localhost:3000/server/getfir/execute
[info] [2026-07-26T04:12:22.419Z] : i updatefir       : http://localhost:3000/server/updatefir/execute
[info] [2026-07-26T04:12:22.419Z] : i deletefir       : http://localhost:3000/server/deletefir/execute
[info] [2026-07-26T04:12:22.419Z] : i victim          : http://localhost:3000/server/victim/execute
[info] [2026-07-26T04:12:22.419Z] : i accused         : http://localhost:3000/server/accused/execute
[info] [2026-07-26T04:12:22.419Z] : i arrest          : http://localhost:3000/server/arrest/execute
[info] [2026-07-26T04:12:22.420Z] : i chargesheet     : http://localhost:3000/server/chargesheet/execute
[info] [2026-07-26T04:12:22.420Z] : i dashboard       : http://localhost:3000/server/dashboard/execute
[info] [2026-07-26T04:12:22.420Z] : i crimeprediction : http://localhost:3000/server/crimeprediction/execute
[info] [2026-07-26T04:12:22.420Z] : i hotspotdetection: http://localhost:3000/server/hotspotdetection/execute
[info] [2026-07-26T04:12:22.420Z] : i graphanalysis   : http://localhost:3000/server/graphanalysis/execute
[info] [2026-07-26T04:12:22.421Z] : i repeatoffender  : http://localhost:3000/server/repeatoffender/execute
[info] [2026-07-26T04:12:22.421Z] : i generatereport  : http://localhost:3000/server/generatereport/execute
[info] [2026-07-26T04:12:22.421Z] : i uploadevidence  : http://localhost:3000/server/uploadevidence/execute
[info] [2026-07-26T04:12:22.421Z] : i notifications   : http://localhost:3000/server/notifications/execute
[info] [2026-07-26T04:12:22.421Z] : i auditlogger     : http://localhost:3000/server/auditlogger/execute
[info] [2026-07-26T04:12:22.422Z] : 
[info] [2026-07-26T04:30:15.601Z] : [1785040215600]  "GET"  "/server/registerfir/execute"
[info] [2026-07-26T04:30:15.997Z] : [1785040215996]  "GET"  "/favicon.ico"
